exports[`test Discover renders correctly 1`] = `
<View>
  <View
    style={
      Array [
        Object {
          "backgroundColor": "white",
        },
        null,
      ]
    }>
    <View
      style={
        Array [
          Object {
            "height": 20,
          },
          null,
        ]
      } />
    <View
      style={
        Array [
          Object {
            "alignItems": "stretch",
            "flexDirection": "row",
            "height": 44,
            "justifyContent": "space-between",
          },
          Object {
            "backgroundColor": "#cce5ff",
            "height": 45,
          },
        ]
      }>
      <View
        style={
          Object {
            "alignItems": "center",
            "bottom": 0,
            "justifyContent": "center",
            "left": 0,
            "position": "absolute",
            "right": 0,
            "top": 0,
          }
        }>
        <Text
          accessible={true}
          allowFontScaling={true}
          ellipsizeMode="tail"
          style={
            Array [
              Object {
                "color": "#333",
                "fontSize": 17,
                "fontWeight": "500",
                "letterSpacing": 0.5,
              },
              null,
            ]
          }>
          Discover
        </Text>
      </View>
      <View
        style={
          Object {
            "alignItems": "stretch",
            "flexDirection": "row",
            "justifyContent": "center",
          }
        }>
        <View
          accessibilityComponentType={undefined}
          accessibilityLabel={undefined}
          accessibilityTraits={undefined}
          accessible={true}
          hitSlop={undefined}
          onLayout={undefined}
          onResponderGrant={[Function]}
          onResponderMove={[Function]}
          onResponderRelease={[Function]}
          onResponderTerminate={[Function]}
          onResponderTerminationRequest={[Function]}
          onStartShouldSetResponder={[Function]}
          style={
            Object {
              "opacity": 1,
              "padding": 10,
            }
          }
          testID={undefined}>
          <Text
            accessible={true}
            allowFontScaling={false}
            ellipsizeMode="tail"
            style={
              Array [
                Object {
                  "color": undefined,
                  "fontFamily": "Ionicons",
                  "fontSize": 30,
                  "fontStyle": "normal",
                  "fontWeight": "normal",
                },
                undefined,
              ]
            }>
            
          </Text>
        </View>
      </View>
      <View
        style={
          Object {
            "alignItems": "stretch",
            "flexDirection": "row",
            "justifyContent": "center",
          }
        }>
        <View
          accessibilityComponentType={undefined}
          accessibilityLabel={undefined}
          accessibilityTraits={undefined}
          accessible={true}
          hitSlop={undefined}
          onLayout={undefined}
          onResponderGrant={[Function]}
          onResponderMove={[Function]}
          onResponderRelease={[Function]}
          onResponderTerminate={[Function]}
          onResponderTerminationRequest={[Function]}
          onStartShouldSetResponder={[Function]}
          style={
            Object {
              "opacity": 1,
              "padding": 10,
            }
          }
          testID={undefined}>
          <Text
            accessible={true}
            allowFontScaling={false}
            ellipsizeMode="tail"
            style={
              Array [
                Object {
                  "color": undefined,
                  "fontFamily": "Ionicons",
                  "fontSize": 30,
                  "fontStyle": "normal",
                  "fontWeight": "normal",
                },
                undefined,
              ]
            }>
            
          </Text>
          <View
            iterationCount={1}
            onAnimationBegin={[Function]}
            onAnimationEnd={[Function]}
            onLayout={[Function]}
            style={
              Object {
                "alignItems": "center",
                "backgroundColor": "rgb(255, 102, 102)",
                "borderRadius": 10.5,
                "height": 21,
                "justifyContent": "center",
                "left": 0,
                "position": "absolute",
                "top": 4,
                "width": 21,
              }
            }>
            <Text
              accessible={true}
              allowFontScaling={true}
              ellipsizeMode="tail"
              style={
                Object {
                  "backgroundColor": "rgba(0,0,0,0)",
                  "color": "rgb(255,255,255)",
                  "fontSize": 12,
                }
              }>
              0
            </Text>
          </View>
        </View>
      </View>
    </View>
  </View>
  <View
    style={
      Object {
        "backgroundColor": "white",
        "height": 552,
      }
    }>
    <View
      style={
        Object {
          "alignItems": "center",
          "flex": 1,
          "flexDirection": "column",
          "justifyContent": "center",
        }
      }>
      <Text
        accessible={true}
        allowFontScaling={true}
        ellipsizeMode="tail">
        No Posts Left
      </Text>
      <Text
        accessible={true}
        allowFontScaling={true}
        ellipsizeMode="tail">
        Try changing your discover preferences
      </Text>
    </View>
  </View>
</View>
`;
