exports[`test Login renders correctly 1`] = `
<View
  keyboardVerticalOffset={0}
  onLayout={[Function]}
  style={undefined}>
  <View
    style={
      Array [
        undefined,
        Object {
          "bottom": 0,
        },
      ]
    }>
    <View
      style={
        Object {
          "alignItems": "center",
          "backgroundColor": "#e6f2ff",
          "flexDirection": "column",
          "height": 667,
          "justifyContent": "space-around",
          "paddingTop": 40,
        }
      }>
      <Image
        source={1}
        style={
          Object {
            "height": 165.6,
            "width": 165.6,
          }
        } />
      <View
        accessibilityComponentType={undefined}
        accessibilityLabel={undefined}
        accessibilityTraits={undefined}
        accessible={true}
        hitSlop={undefined}
        onLayout={undefined}
        onResponderGrant={[Function]}
        onResponderMove={[Function]}
        onResponderRelease={[Function]}
        onResponderTerminate={[Function]}
        onResponderTerminationRequest={[Function]}
        onStartShouldSetResponder={[Function]}
        style={
          Array [
            Object {
              "backgroundColor": "transparent",
            },
            Array [
              Object {
                "overflow": "hidden",
              },
              Object {
                "backgroundColor": "#3b5998",
                "borderRadius": 5,
              },
            ],
          ]
        }
        testID={undefined}>
        <View
          style={
            Array [
              Object {
                "alignItems": "center",
                "flexDirection": "row",
                "justifyContent": "flex-start",
                "padding": 8,
              },
              Object {
                "backgroundColor": "#3b5998",
                "borderRadius": 5,
              },
              undefined,
            ]
          }
          width={180}>
          <Text
            accessible={true}
            allowFontScaling={false}
            ellipsizeMode="tail"
            onPress={[Function]}
            style={
              Array [
                Object {
                  "color": "white",
                  "fontFamily": "FontAwesome",
                  "fontSize": 20,
                  "fontStyle": "normal",
                  "fontWeight": "normal",
                },
                Object {
                  "marginRight": 10,
                },
              ]
            }>
            
          </Text>
          <Text
            accessible={true}
            allowFontScaling={true}
            ellipsizeMode="tail"
            style={
              Array [
                Object {
                  "backgroundColor": "transparent",
                  "fontWeight": "600",
                },
                Object {
                  "color": "white",
                },
              ]
            }>
            Login with Facebook
          </Text>
        </View>
      </View>
      <View
        style={
          Object {
            "alignItems": "center",
          }
        }>
        <View
          onLayout={[Function]}
          style={
            Array [
              Object {
                "backgroundColor": "white",
                "flex": 1,
                "flexDirection": "row",
                "overflow": "hidden",
              },
              Object {
                "backgroundColor": "white",
                "borderTopLeftRadius": 10,
                "borderTopRightRadius": 10,
                "width": 337.5,
              },
            ]
          }>
          <View
            accessibilityComponentType={undefined}
            accessibilityLabel={undefined}
            accessibilityTraits={undefined}
            accessible={true}
            hitSlop={undefined}
            onLayout={undefined}
            onResponderGrant={[Function]}
            onResponderMove={[Function]}
            onResponderRelease={[Function]}
            onResponderTerminate={[Function]}
            onResponderTerminationRequest={[Function]}
            onStartShouldSetResponder={[Function]}
            style={
              Object {
                "justifyContent": "center",
                "marginLeft": -40,
                "padding": 16,
              }
            }
            testID={undefined}>
            <Text
              accessible={true}
              allowFontScaling={false}
              ellipsizeMode="tail"
              style={
                Array [
                  Object {
                    "color": "#24518D",
                    "fontFamily": "Material Icons",
                    "fontSize": 25,
                    "fontStyle": "normal",
                    "fontWeight": "normal",
                  },
                  undefined,
                ]
              }>
              
            </Text>
          </View>
          <View
            accessibilityComponentType={undefined}
            accessibilityLabel={undefined}
            accessibilityTraits={undefined}
            accessible={true}
            hitSlop={undefined}
            onLayout={undefined}
            onResponderGrant={[Function]}
            onResponderMove={[Function]}
            onResponderRelease={[Function]}
            onResponderTerminate={[Function]}
            onResponderTerminationRequest={[Function]}
            onStartShouldSetResponder={[Function]}
            style={
              Object {
                "left": 16,
                "opacity": 1,
                "position": "absolute",
                "top": 16,
              }
            }
            testID={undefined}>
            <Text
              accessible={true}
              allowFontScaling={true}
              ellipsizeMode="tail"
              style={
                Array [
                  Object {
                    "color": "#D2D2D2",
                    "fontFamily": "Arial",
                    "fontSize": 18,
                    "fontWeight": "bold",
                  },
                  Object {
                    "color": "pink",
                  },
                ]
              }>
              Username
            </Text>
          </View>
          <TextInput
            autoCapitalize="none"
            autoCorrect={false}
            easing={[Function]}
            iconClass={[Function]}
            iconColor="#24518D"
            iconName="perm-identity"
            inputStyle={
              Object {
                "color": "pink",
              }
            }
            label="Username"
            labelStyle={
              Object {
                "color": "pink",
              }
            }
            onBlur={[Function]}
            onChange={[Function]}
            onChangeText={[Function]}
            onFocus={[Function]}
            returnKeyType="done"
            style={
              Array [
                Object {
                  "color": "black",
                  "flex": 1,
                  "fontSize": 18,
                  "paddingHorizontal": 16,
                  "paddingVertical": 0,
                },
                Object {
                  "color": "pink",
                },
              ]
            }
            underlineColorAndroid="transparent"
            value={undefined} />
        </View>
        <View
          onLayout={[Function]}
          style={
            Array [
              Object {
                "backgroundColor": "white",
                "flex": 1,
                "flexDirection": "row",
                "overflow": "hidden",
              },
              Object {
                "backgroundColor": "white",
                "borderBottomLeftRadius": 10,
                "borderBottomRightRadius": 10,
                "width": 337.5,
              },
            ]
          }>
          <View
            accessibilityComponentType={undefined}
            accessibilityLabel={undefined}
            accessibilityTraits={undefined}
            accessible={true}
            hitSlop={undefined}
            onLayout={undefined}
            onResponderGrant={[Function]}
            onResponderMove={[Function]}
            onResponderRelease={[Function]}
            onResponderTerminate={[Function]}
            onResponderTerminationRequest={[Function]}
            onStartShouldSetResponder={[Function]}
            style={
              Object {
                "justifyContent": "center",
                "marginLeft": -40,
                "padding": 16,
              }
            }
            testID={undefined}>
            <Text
              accessible={true}
              allowFontScaling={false}
              ellipsizeMode="tail"
              style={
                Array [
                  Object {
                    "color": "#24518D",
                    "fontFamily": "Material Icons",
                    "fontSize": 25,
                    "fontStyle": "normal",
                    "fontWeight": "normal",
                  },
                  undefined,
                ]
              }>
              
            </Text>
          </View>
          <View
            accessibilityComponentType={undefined}
            accessibilityLabel={undefined}
            accessibilityTraits={undefined}
            accessible={true}
            hitSlop={undefined}
            onLayout={undefined}
            onResponderGrant={[Function]}
            onResponderMove={[Function]}
            onResponderRelease={[Function]}
            onResponderTerminate={[Function]}
            onResponderTerminationRequest={[Function]}
            onStartShouldSetResponder={[Function]}
            style={
              Object {
                "left": 16,
                "opacity": 1,
                "position": "absolute",
                "top": 16,
              }
            }
            testID={undefined}>
            <Text
              accessible={true}
              allowFontScaling={true}
              ellipsizeMode="tail"
              style={
                Array [
                  Object {
                    "color": "#D2D2D2",
                    "fontFamily": "Arial",
                    "fontSize": 18,
                    "fontWeight": "bold",
                  },
                  Object {
                    "color": "pink",
                  },
                ]
              }>
              Password
            </Text>
          </View>
          <TextInput
            easing={[Function]}
            iconClass={[Function]}
            iconColor="#24518D"
            iconName="lock"
            inputStyle={
              Object {
                "color": "pink",
              }
            }
            label="Password"
            labelStyle={
              Object {
                "color": "pink",
              }
            }
            onBlur={[Function]}
            onChange={[Function]}
            onChangeText={[Function]}
            onFocus={[Function]}
            password={true}
            returnKeyType="done"
            secureTextEntry={true}
            style={
              Array [
                Object {
                  "color": "black",
                  "flex": 1,
                  "fontSize": 18,
                  "paddingHorizontal": 16,
                  "paddingVertical": 0,
                },
                Object {
                  "color": "pink",
                },
              ]
            }
            underlineColorAndroid="transparent"
            value={undefined} />
        </View>
        <View
          style={
            Object {
              "height": 10,
            }
          } />
        <View
          accessibilityComponentType="button"
          accessibilityLabel={undefined}
          accessibilityTraits="button"
          accessible={true}
          hitSlop={undefined}
          onLayout={undefined}
          onResponderGrant={[Function]}
          onResponderMove={[Function]}
          onResponderRelease={[Function]}
          onResponderTerminate={[Function]}
          onResponderTerminationRequest={[Function]}
          onStartShouldSetResponder={[Function]}
          style={
            Object {
              "backgroundColor": "pink",
              "borderRadius": 4,
              "height": 40,
              "opacity": 1,
              "overflow": "hidden",
              "paddingTop": 7,
              "width": 110,
            }
          }
          testID={undefined}>
          <Text
            accessible={true}
            allowFontScaling={true}
            ellipsizeMode="tail"
            style={
              Array [
                Object {
                  "color": "#007aff",
                  "fontFamily": "HelveticaNeue-Medium",
                  "fontSize": 17,
                  "fontWeight": "bold",
                  "textAlign": "center",
                },
                null,
                Array [
                  Object {},
                  Object {
                    "color": "white",
                    "fontSize": 20,
                  },
                ],
                null,
              ]
            }>
            Login
          </Text>
        </View>
      </View>
      <Text
        accessible={true}
        allowFontScaling={true}
        ellipsizeMode="tail"
        style={
          Array [
            Object {},
            Object {
              "color": "#333333",
              "marginBottom": 5,
              "textAlign": "center",
            },
          ]
        }>
        Sign Up
      </Text>
    </View>
  </View>
</View>
`;
